App.tsx(46,18): error TS2367: This comparison appears to be unintentional because the types 'View' and '"home"' have no overlap.
App.tsx(53,18): error TS2367: This comparison appears to be unintentional because the types 'View' and '"ai"' have no overlap.
components/Dashboard.tsx(136,39): error TS2339: Property 'location' does not exist on type 'RequestedItem | { name: string; quantity: number; }'.
  Property 'location' does not exist on type '{ name: string; quantity: number; }'.
components/RequestDetail.tsx(24,58): error TS2339: Property 'emails' does not exist on type 'PickupRequest | FirebasePickupRequest'.
  Property 'emails' does not exist on type 'PickupRequest'.
components/RequestDetail.tsx(26,58): error TS2339: Property 'images' does not exist on type 'PickupRequest | FirebasePickupRequest'.
  Property 'images' does not exist on type 'PickupRequest'.
components/RequestDetail.tsx(31,23): error TS2339: Property 'emails' does not exist on type 'PickupRequest | FirebasePickupRequest'.
  Property 'emails' does not exist on type 'PickupRequest'.
components/RequestDetail.tsx(32,23): error TS2339: Property 'images' does not exist on type 'PickupRequest | FirebasePickupRequest'.
  Property 'images' does not exist on type 'PickupRequest'.
components/RequestDetail.tsx(191,39): error TS2339: Property 'emails' does not exist on type 'PickupRequest | FirebasePickupRequest'.
  Property 'emails' does not exist on type 'PickupRequest'.
hooks/useAppData.ts(53,59): error TS2345: Argument of type 'import("C:/Users/rossm/Documents/Gestion MDR/Gestion-des-MDR/types").InventoryItem[]' is not assignable to parameter of type 'import("C:/Users/rossm/Documents/Gestion MDR/Gestion-des-MDR/services/firebaseService").InventoryItem[]'.
  Property 'updatedAt' is missing in type 'import("C:/Users/rossm/Documents/Gestion MDR/Gestion-des-MDR/types").InventoryItem' but required in type 'import("C:/Users/rossm/Documents/Gestion MDR/Gestion-des-MDR/services/firebaseService").InventoryItem'.
services/AIService.ts(19,67): error TS2365: Operator '+' cannot be applied to types 'RequestedItem' and 'number'.
services/AIService.ts(19,88): error TS2345: Argument of type 'number' is not assignable to parameter of type 'RequestedItem'.
services/AIService.ts(21,17): error TS2365: Operator '>' cannot be applied to types '{ name: string; quantity: number; }' and 'number'.
